> no such key

> ok

> no such key

> ok

> k [7 1 2 3]

