> ok

> ok

> no such snapshot

> saved as snapshot 1

> no such snapshot

> ok

> bye
