> ok

> ok

> saved as snapshot 1

> saved as snapshot 2

> saved as snapshot 3

> saved as snapshot 4

> ok

> bye
