> no such snapshot

> no such snapshot

> ok

> saved as snapshot 1

> no such snapshot

> ok

> no such snapshot

> bye
