> ok

> saved as snapshot 1

> ok

> saved as snapshot 2

> ok

> a [9]

> ok

> ok

> ok

> ` [88]
a [9]

> ok

> a [9]

