> no such key

> ok

> [0]

> ok

> no such key

> no such key

