> ok

> saved as snapshot 1

> ok

> b [9]
a [8]

> ok

> a [8]

> ok

> a [8]

> ok

> no such key

> ok

> no such key

> ok

> no entries

