> ok

> ok

> no such key

> no such key

> no such key

> no such key

> 0

> [2 4]

> [2 4]

> []

> [ [] ]

> 4

> 2

> 4

> []

> []

> []

> [ [] ]

> bye
