> ok

> ok

> ok

> ok

> [0 4 5 8 9]

> [0 1 2 4 5 8 9]

> []

> [ [2 1 2 0] [2 1 2 9] [2 1 2 8] [4 1 2 0] [4 1 2 9] [4 1 2 8] [5 1 2 0] [5 1 2 9] [5 1 2 8] [1 1 2 0] [1 1 2 9] [1 1 2 8] ]

> [0 4 5 8 9]

> [0 1 2 4 5 8 9]

> []

> [ [0 2 1 2] [0 2 1 4] [0 2 1 5] [0 2 1 1] [9 2 1 2] [9 2 1 4] [9 2 1 5] [9 2 1 1] [8 2 1 2] [8 2 1 4] [8 2 1 5] [8 2 1 1] ]

> 1

> [0 1 4 5 8 9]

> [0 1 2 4 5 8 9]

> []

> [ [] ]

