> ok

> saved as snapshot 1

> ok

> saved as snapshot 2

> ok

> 2

> ok

> b [1]
j [9]

> 2

