> no such snapshot

> ok

> saved as snapshot 1

> no such snapshot

> 1

