> ok

> [4]

> ok

> ok

> [10101 4 0]

> 10101

> 10101

> [4 0]

> 4

> 0

> []

