> no such key

> ok

> [3]

> no such key

> ok

> [0 9 8 7 6 5 4 3]

> ok

> no such key

> ok

> ok

> no such key

