> Incorrect usage, see HELP for command list

> Incorrect usage, see HELP for command list

> Incorrect usage, see HELP for command list

> Incorrect usage, see HELP for command list

> Incorrect usage, see HELP for command list

> Incorrect usage, see HELP for command list

> Incorrect usage, see HELP for command list

> Incorrect usage, see HELP for command list

> Incorrect usage, see HELP for command list

> Incorrect usage, see HELP for command list

> Incorrect usage, see HELP for command list

> Incorrect usage, see HELP for command list

> Incorrect usage, see HELP for command list

> Incorrect usage, see HELP for command list

> Incorrect usage, see HELP for command list

> Incorrect usage, see HELP for command list

> Incorrect usage, see HELP for command list

> Incorrect usage, see HELP for command list

> Incorrect usage, see HELP for command list

> Incorrect usage, see HELP for command list

> Incorrect usage, see HELP for command list

> Incorrect usage, see HELP for command list

> Incorrect usage, see HELP for command list

> Incorrect usage, see HELP for command list

> Incorrect usage, see HELP for command list

> Incorrect usage, see HELP for command list

> Incorrect usage, see HELP for command list

> Incorrect usage, see HELP for command list

> Incorrect usage, see HELP for command list

> Incorrect usage, see HELP for command list

> Incorrect usage, see HELP for command list

> Incorrect usage, see HELP for command list

> bye
