> no entries

> ok

> a [0]

> ok

> ok

> D [10]
C [8]
a [0]

> ok

> D [10]
a [0]

> ok

> ok

> no entries

