> no snapshots

> ok

> ok

> saved as snapshot 1

> 1

> file not found

> 1

> ok

> saved as snapshot 2

> 2
1

> ok

