> no keys

> ok

> saved as snapshot 1

> ok

> saved as snapshot 2

> B
a

> ok

> a

> ok

> B
a

> ok

> C
B
a

> ok

> a

