> no snapshots

> saved as snapshot 1

> saved as snapshot 2

> saved as snapshot 3

> 3
2
1

> ok

> 3
2
1

> ok

> 1

> ok

> no snapshots

