> ok

> q [1 2 9 3 5 5 10 33 4]

> saved as snapshot 1

> ok

> q [1 2 9 3 5 10 33 4]

> ok

> q [1 2 3 4 5 9 10 33]

> ok

> q [33 10 9 5 4 3 2 1]

> ok

> q [1 2 9 3 5 5 10 33 4]

