> no snapshots

> ok

> ok

> saved as snapshot 1

> 1

> ok

> no snapshots

> ok

> saved as snapshot 1

> 1

> ok

