> no keys

> ok

> a

> ok

> no keys

> ok

> b

> ok

> no keys

