> ok

> a [9]

> ok

> a [1 0 9]

> ok

> a [1 0 9 1 2]

> 9

> a [1 0 9 1 2]

> 1

> a [0 9 1 2]

> 0

> a [9 1 2]

> 9

> 1

> 2

> nil

> a []

