> no entries

> ok

> saved as snapshot 1

> . [3]

> ok

> [ [0]
. [3]

> saved as snapshot 2

> ok

> . [3]

> ok

> k [9]
. [3]

> ok

> . [3]

> ok

> [ [0]
. [3]

