> ok

> no such key

> no such key

> no such key

> no such key

> 4

> 5

> nil

> nil

> nil

> 0

> bye
