> ok

> 1

> 6

> 14

> 4

> ok

> -3333

> 10000000

> 9996669

> 4

> bye
