> no such key

> ok

> no such key

> 8

> j [8]

