> ok

> index out of range

> 1

> 6

> index out of range

> index out of range

> index out of range

> 1

> 2

> 6

> index out of range

