> no such key

> ok

> 0

> 29

> 3

> index out of range

> t []

