> ok

> index out of range

> index out of range

> 8

> index out of range

> index out of range

> 5

> y [2 1 4 5 5 5]

