> ok

> no such key

> 10

> [2 93 3]

> 2

> [93 3]

> 93

> [3]

> 3

> []

> nil

> []

