> no such key

> ok

> no such key

> 9

> []

> nil

> L []

