> ok

> ok

> ok

> ok

> ok

> K [0]

> ok

> no entries

> ok

