> ok

> no such key

> no such key

> 1

> ok

> [9]

