> file not found

> no entries

> no keys

> no snapshots

> bye
