> invalid input

> no keys

> no entries

> no snapshots

> bye
