> ok

> no such key

> no such key

> no such key

> 4

> ok

> ok

> ok

> bye
