> ok

> no such snapshot

> no such snapshot

> saved as snapshot 1

> ok

> no such snapshot

> g [8]

