> ok

> saved as snapshot 1

> ok

> saved as snapshot 2

> ok

> h [1 3 5 7]
s [9]

> ok

> ok

> h [1 5 3 7]
s [9]

> ok

> h [7 3 5 1]
s [9]

> ok

> h [7 3 5 1]

> ok

> 1

> s [9]

