> ok

> ok

> [4]

> [0]

> ok

> ok

> aa [1]
AA [7]
A [0]
a [4]

