> ok

> a [3]

> ok

> a [99]

> ok

> a [0 9 3 1 4 1 1 3 5]

> ok

> a [0]

