> ok

> saved as snapshot 1

> ok

> saved as snapshot 2

> saved as snapshot 3

> ok

> saved as snapshot 4

> saved as snapshot 5

> 5
4
3
2

